// Jest Snapshot v1, https://goo.gl/fbAQLP

exports[`Asyncs actions Function fetchContent:: fetch content from API and return an Object 1`] = `
Object {
  "attributionHTML": "<a href=\\"http://marvel.com\\">Data provided by Marvel. © 2018 MARVEL</a>",
  "attributionText": "Data provided by Marvel. © 2018 MARVEL",
  "code": 200,
  "copyright": "© 2018 MARVEL",
  "data": Object {
    "count": 1,
    "limit": 20,
    "offset": 0,
    "results": Array [
      Object {
        "characters": Object {
          "available": 39,
          "collectionURI": "http://gateway.marvel.com/v1/public/comics/2539/characters",
          "items": Array [
            Object {
              "name": "Abyss",
              "resourceURI": "http://gateway.marvel.com/v1/public/characters/1009149",
            },
            Object {
              "name": "Abyss (Age of Apocalypse)",
              "resourceURI": "http://gateway.marvel.com/v1/public/characters/1010903",
            },
            Object {
              "name": "Apocalypse",
              "resourceURI": "http://gateway.marvel.com/v1/public/characters/1009156",
            },
            Object {
              "name": "Archangel",
              "resourceURI": "http://gateway.marvel.com/v1/public/characters/1009159",
            },
            Object {
              "name": "Aurora",
              "resourceURI": "http://gateway.marvel.com/v1/public/characters/1009163",
            },
            Object {
              "name": "Beast",
              "resourceURI": "http://gateway.marvel.com/v1/public/characters/1009175",
            },
            Object {
              "name": "Bishop",
              "resourceURI": "http://gateway.marvel.com/v1/public/characters/1009182",
            },
            Object {
              "name": "Blink",
              "resourceURI": "http://gateway.marvel.com/v1/public/characters/1009197",
            },
            Object {
              "name": "Blob",
              "resourceURI": "http://gateway.marvel.com/v1/public/characters/1009199",
            },
            Object {
              "name": "Captain Britain",
              "resourceURI": "http://gateway.marvel.com/v1/public/characters/1009223",
            },
            Object {
              "name": "Colossus",
              "resourceURI": "http://gateway.marvel.com/v1/public/characters/1009243",
            },
            Object {
              "name": "Cyclops",
              "resourceURI": "http://gateway.marvel.com/v1/public/characters/1009257",
            },
            Object {
              "name": "Emma Frost",
              "resourceURI": "http://gateway.marvel.com/v1/public/characters/1009310",
            },
            Object {
              "name": "Gambit",
              "resourceURI": "http://gateway.marvel.com/v1/public/characters/1009313",
            },
            Object {
              "name": "Havok",
              "resourceURI": "http://gateway.marvel.com/v1/public/characters/1009337",
            },
            Object {
              "name": "Holocaust (Age of Apocalypse)",
              "resourceURI": "http://gateway.marvel.com/v1/public/characters/1009349",
            },
            Object {
              "name": "Iceman",
              "resourceURI": "http://gateway.marvel.com/v1/public/characters/1009362",
            },
            Object {
              "name": "Jean Grey",
              "resourceURI": "http://gateway.marvel.com/v1/public/characters/1009327",
            },
            Object {
              "name": "Magma (Amara Aquilla)",
              "resourceURI": "http://gateway.marvel.com/v1/public/characters/1009416",
            },
            Object {
              "name": "Magneto",
              "resourceURI": "http://gateway.marvel.com/v1/public/characters/1009417",
            },
          ],
          "returned": 20,
        },
        "collectedIssues": Array [
          Object {
            "name": "Amazing X-Men (1995) #2",
            "resourceURI": "http://gateway.marvel.com/v1/public/comics/17732",
          },
          Object {
            "name": "Factor X (1995) #2",
            "resourceURI": "http://gateway.marvel.com/v1/public/comics/20045",
          },
          Object {
            "name": "Age of Apocalypse: The Chosen (1995) #1",
            "resourceURI": "http://gateway.marvel.com/v1/public/comics/17701",
          },
          Object {
            "name": "Weapon X (1995) #2",
            "resourceURI": "http://gateway.marvel.com/v1/public/comics/18100",
          },
          Object {
            "name": "Gambit and the X-Ternals (1995) #2",
            "resourceURI": "http://gateway.marvel.com/v1/public/comics/16078",
          },
          Object {
            "name": "Gambit and the X-Ternals (1995) #1",
            "resourceURI": "http://gateway.marvel.com/v1/public/comics/16077",
          },
          Object {
            "name": "Weapon X (1995) #1",
            "resourceURI": "http://gateway.marvel.com/v1/public/comics/18099",
          },
          Object {
            "name": "Generation Next (1995) #1",
            "resourceURI": "http://gateway.marvel.com/v1/public/comics/20038",
          },
          Object {
            "name": "Amazing X-Men (1995) #1",
            "resourceURI": "http://gateway.marvel.com/v1/public/comics/17731",
          },
          Object {
            "name": "X-Calibre (1995) #1",
            "resourceURI": "http://gateway.marvel.com/v1/public/comics/18253",
          },
          Object {
            "name": "Factor X (1995) #1",
            "resourceURI": "http://gateway.marvel.com/v1/public/comics/20044",
          },
          Object {
            "name": "X-Men: Alpha (1995) #1",
            "resourceURI": "http://gateway.marvel.com/v1/public/comics/12386",
          },
        ],
        "collections": Array [],
        "creators": Object {
          "available": 53,
          "collectionURI": "http://gateway.marvel.com/v1/public/comics/2539/creators",
          "items": Array [
            Object {
              "name": "Comicraft",
              "resourceURI": "http://gateway.marvel.com/v1/public/creators/807",
              "role": "letterer",
            },
            Object {
              "name": "Pat Brosseau",
              "resourceURI": "http://gateway.marvel.com/v1/public/creators/3626",
              "role": "letterer",
            },
            Object {
              "name": "Chris Eliopoulos",
              "resourceURI": "http://gateway.marvel.com/v1/public/creators/452",
              "role": "letterer",
            },
            Object {
              "name": "Toinay",
              "resourceURI": "http://gateway.marvel.com/v1/public/creators/5991",
              "role": "inker",
            },
            Object {
              "name": "Terry Austin",
              "resourceURI": "http://gateway.marvel.com/v1/public/creators/1836",
              "role": "inker",
            },
            Object {
              "name": "Mark Buckingham",
              "resourceURI": "http://gateway.marvel.com/v1/public/creators/71",
              "role": "inker",
            },
            Object {
              "name": "Kevin Conrad",
              "resourceURI": "http://gateway.marvel.com/v1/public/creators/972",
              "role": "inker",
            },
            Object {
              "name": "Chris Bachalo",
              "resourceURI": "http://gateway.marvel.com/v1/public/creators/232",
              "role": "penciler",
            },
            Object {
              "name": "Ian Churchill",
              "resourceURI": "http://gateway.marvel.com/v1/public/creators/1192",
              "role": "penciler",
            },
            Object {
              "name": "Tony Daniel",
              "resourceURI": "http://gateway.marvel.com/v1/public/creators/354",
              "role": "penciler",
            },
            Object {
              "name": "Steve Buccellato",
              "resourceURI": "http://gateway.marvel.com/v1/public/creators/1909",
              "role": "colorist",
            },
            Object {
              "name": "Digital Chameleon",
              "resourceURI": "http://gateway.marvel.com/v1/public/creators/2974",
              "role": "colorist",
            },
            Object {
              "name": "Electric Crayon",
              "resourceURI": "http://gateway.marvel.com/v1/public/creators/4101",
              "role": "colorist",
            },
            Object {
              "name": "Kelly Corvese",
              "resourceURI": "http://gateway.marvel.com/v1/public/creators/3572",
              "role": "editor",
            },
            Object {
              "name": "Tom DeFalco",
              "resourceURI": "http://gateway.marvel.com/v1/public/creators/9565",
              "role": "editor",
            },
            Object {
              "name": "Suzanne Gaffney",
              "resourceURI": "http://gateway.marvel.com/v1/public/creators/2099",
              "role": "editor",
            },
            Object {
              "name": "Jaye Gardner",
              "resourceURI": "http://gateway.marvel.com/v1/public/creators/2520",
              "role": "editor",
            },
            Object {
              "name": "Roger Cruz",
              "resourceURI": "http://gateway.marvel.com/v1/public/creators/356",
              "role": "penciller",
            },
            Object {
              "name": "Steve Epting",
              "resourceURI": "http://gateway.marvel.com/v1/public/creators/374",
              "role": "penciller",
            },
            Object {
              "name": "Warren Ellis",
              "resourceURI": "http://gateway.marvel.com/v1/public/creators/676",
              "role": "writer",
            },
          ],
          "returned": 20,
        },
        "dates": Array [
          Object {
            "date": "2005-10-05T00:00:00-0400",
            "type": "onsaleDate",
          },
          Object {
            "date": "-0001-11-30T00:00:00-0500",
            "type": "focDate",
          },
        ],
        "description": "See your favorite mutants through a dark glass as the epic that literally rebuilt the X-Men in eight miniseries and more continues! Apocalypse has conquered half of humankind and is ready to destroy them all! Magneto and his Amazing X-Men fight to protect humans and mutants alike, only to learn from Bishop (now on his THIRD reality and counting) that his world might need to be unmade! Plus: excerpts from Apocalypse's own files on the alternate-universe X-Men, and their friends and foes...but which is which? Featuring Blink and Sabretooth of the Exiles! Collects X-MEN: ALPHA, AGE OF APOCALYPSE: THE CHOSEN, GENERATION NEXT #1, ASTONISHING X-MEN VOL. 1 #1, X-CALIBRE #1, GAMBIT AND THE X-TERNALS #1-2, WEAPON X VOL. 1 #1-2, AMAZING X-MEN #1-2, FACTOR X #1-2 and X-MAN #1
<br>376 PGS./T+ SUGGESTED FOR TEENS AND UP ...$29.99
<br>",
        "diamondCode": "",
        "digitalId": 0,
        "ean": "",
        "events": Object {
          "available": 1,
          "collectionURI": "http://gateway.marvel.com/v1/public/comics/2539/events",
          "items": Array [
            Object {
              "name": "Age of Apocalypse",
              "resourceURI": "http://gateway.marvel.com/v1/public/events/227",
            },
          ],
          "returned": 1,
        },
        "format": "Trade Paperback",
        "id": 2539,
        "images": Array [
          Object {
            "extension": "jpg",
            "path": "http://i.annihil.us/u/prod/marvel/i/mg/c/b0/4bc61dec7755f",
          },
        ],
        "isbn": "0-7851-1874-8",
        "issn": "",
        "issueNumber": 0,
        "modified": "2017-07-10T17:28:37-0400",
        "pageCount": 0,
        "prices": Array [
          Object {
            "price": 9.99,
            "type": "printPrice",
          },
        ],
        "resourceURI": "http://gateway.marvel.com/v1/public/comics/2539",
        "series": Object {
          "name": "X-Men: The Complete Age of Apocalypse Epic Book 2 (2005)",
          "resourceURI": "http://gateway.marvel.com/v1/public/series/1583",
        },
        "stories": Object {
          "available": 45,
          "collectionURI": "http://gateway.marvel.com/v1/public/comics/2539/stories",
          "items": Array [
            Object {
              "name": "A Beginning",
              "resourceURI": "http://gateway.marvel.com/v1/public/stories/26281",
              "type": "interiorStory",
            },
            Object {
              "name": "Some of Us Looking to the Stars",
              "resourceURI": "http://gateway.marvel.com/v1/public/stories/32819",
              "type": "interiorStory",
            },
            Object {
              "name": "X-Facts: The Dream is Over",
              "resourceURI": "http://gateway.marvel.com/v1/public/stories/32820",
              "type": "text article",
            },
            Object {
              "name": "Where No External Has Gone Before",
              "resourceURI": "http://gateway.marvel.com/v1/public/stories/32822",
              "type": "interiorStory",
            },
            Object {
              "name": "X-Facts: Reality Checked",
              "resourceURI": "http://gateway.marvel.com/v1/public/stories/32823",
              "type": "text article",
            },
            Object {
              "name": "[opening]",
              "resourceURI": "http://gateway.marvel.com/v1/public/stories/37493",
              "type": "",
            },
            Object {
              "name": "Magneto and Rogue",
              "resourceURI": "http://gateway.marvel.com/v1/public/stories/37494",
              "type": "",
            },
            Object {
              "name": "X-Man",
              "resourceURI": "http://gateway.marvel.com/v1/public/stories/37495",
              "type": "",
            },
            Object {
              "name": "Cyclops",
              "resourceURI": "http://gateway.marvel.com/v1/public/stories/37496",
              "type": "",
            },
            Object {
              "name": "Havok",
              "resourceURI": "http://gateway.marvel.com/v1/public/stories/37497",
              "type": "",
            },
            Object {
              "name": "Mr. Sinister",
              "resourceURI": "http://gateway.marvel.com/v1/public/stories/37498",
              "type": "",
            },
            Object {
              "name": "Storm",
              "resourceURI": "http://gateway.marvel.com/v1/public/stories/37499",
              "type": "",
            },
            Object {
              "name": "Quicksilver",
              "resourceURI": "http://gateway.marvel.com/v1/public/stories/37500",
              "type": "",
            },
            Object {
              "name": "Northstar and Aurora",
              "resourceURI": "http://gateway.marvel.com/v1/public/stories/37501",
              "type": "",
            },
            Object {
              "name": "Beast",
              "resourceURI": "http://gateway.marvel.com/v1/public/stories/37502",
              "type": "",
            },
            Object {
              "name": "The Four Horsemen",
              "resourceURI": "http://gateway.marvel.com/v1/public/stories/37503",
              "type": "",
            },
            Object {
              "name": "X-Calibre",
              "resourceURI": "http://gateway.marvel.com/v1/public/stories/37504",
              "type": "",
            },
            Object {
              "name": "The Human High Council",
              "resourceURI": "http://gateway.marvel.com/v1/public/stories/37505",
              "type": "",
            },
            Object {
              "name": "Weapon X and Jean Grey",
              "resourceURI": "http://gateway.marvel.com/v1/public/stories/37506",
              "type": "",
            },
            Object {
              "name": "Gambit and the Externals",
              "resourceURI": "http://gateway.marvel.com/v1/public/stories/37507",
              "type": "",
            },
          ],
          "returned": 20,
        },
        "textObjects": Array [
          Object {
            "language": "en-us",
            "text": "See your favorite mutants through a dark glass as the epic that literally rebuilt the X-Men in eight miniseries and more continues! Apocalypse has conquered half of humankind and is ready to destroy them all! Magneto and his Amazing X-Men fight to protect humans and mutants alike, only to learn from Bishop (now on his THIRD reality and counting) that his world might need to be unmade! Plus: excerpts from Apocalypse's own files on the alternate-universe X-Men, and their friends and foes...but which is which? Featuring Blink and Sabretooth of the Exiles! Collects X-MEN: ALPHA, AGE OF APOCALYPSE: THE CHOSEN, GENERATION NEXT #1, ASTONISHING X-MEN VOL. 1 #1, X-CALIBRE #1, GAMBIT AND THE X-TERNALS #1-2, WEAPON X VOL. 1 #1-2, AMAZING X-MEN #1-2, FACTOR X #1-2 and X-MAN #1
<br>376 PGS./T+ SUGGESTED FOR TEENS AND UP ...$29.99
<br>",
            "type": "issue_solicit_text",
          },
        ],
        "thumbnail": Object {
          "extension": "jpg",
          "path": "http://i.annihil.us/u/prod/marvel/i/mg/c/b0/4bc61dec7755f",
        },
        "title": "X-Men: The Complete Age of Apocalypse Epic Book 2 (Trade Paperback)",
        "upc": "5960611874-00111",
        "urls": Array [
          Object {
            "type": "detail",
            "url": "http://marvel.com/comics/collection/2539/x-men_the_complete_age_of_apocalypse_epic_book_2_trade_paperback?utm_campaign=apiRef&utm_source=489e135d84bbc1a810a3a8ec86eef28e",
          },
        ],
        "variantDescription": "",
        "variants": Array [],
      },
    ],
    "total": 1,
  },
  "etag": "7692cde38ff8078a08521245b44662b9b316b1e6",
  "status": "Ok",
}
`;